# bench: l2_gas steps range_check bitwise other_builtins
bench_rot2::alt_lerp_two_product: 5400 47 10 0 0
bench_rot2::alt_mul_unfused: 9200 78 20 0 0
bench_rot2::alt_mul_vec2_unfused: 9200 78 20 0 0
bench_rot2::angle: 29630 207 44 0 0
bench_rot2::angle_between: 33990 245 52 0 0
bench_rot2::cos_sin: 0 0 0 0 0
bench_rot2::dot: 1880 16 4 0 0
bench_rot2::from_angle: 31300 243 62 0 0
bench_rot2::from_cos_sin_unchecked: 200 2 0 0 0
bench_rot2::from_mat: 8820 75 18 0 0
bench_rot2::from_mat_unchecked: 200 2 0 0 0
bench_rot2::from_rotation_arc: 4560 40 8 0 0
bench_rot2::inverse: 400 4 0 0 0
bench_rot2::inverse_transform_vector: 4560 40 8 0 0
bench_rot2::is_normalized_false: 1910 17 3 0 0
bench_rot2::is_normalized_true: 2010 18 3 0 0
bench_rot2::length: 2220 18 6 0 0
bench_rot2::length_squared: 1880 16 4 0 0
bench_rot2::lerp: 4760 42 8 0 0
bench_rot2::mul: 4560 40 8 0 0
bench_rot2::mul_assign: 4560 40 8 0 0
bench_rot2::mul_vec2: 4560 40 8 0 0
bench_rot2::new: 31300 243 62 0 0
bench_rot2::normalize: 8820 75 18 0 0
bench_rot2::normalize__near_zero: 3380 31 4 0 0
bench_rot2::normalize_mut: 8820 75 18 0 0
bench_rot2::rotate_towards__step: 112700 824 187 0 0
bench_rot2::rotate_towards__target: 112700 267 55 0 0
bench_rot2::slerp: 71960 536 126 0 0
bench_rot2::to_mat: 600 6 0 0 0
bench_rot2::transform_vector: 4560 40 8 0 0
