# bench: l2_gas steps range_check bitwise other_builtins
bench_sdp::add: 5840 50 12 0 0
bench_sdp::add2: 3320 29 6 0 0
bench_sdp::add_diagonal: 3620 32 6 0 0
bench_sdp::add_diagonal2: 2580 23 4 0 0
bench_sdp::alt_from_rotated_diagonal_literal_from_rotated_diagonal: 54080 461 114 0 0
bench_sdp::alt_from_rotated_diagonal_mat3_two_stage_from_rotated_diagonal_mat3: 28400 242 60 0 0
bench_sdp::alt_inverse_plain_inverse_regular: 52530 442 112 0 0
bench_sdp::alt_inverse_separate_det_inverse_regular: 27240 233 56 0 0
bench_sdp::alt_inverse_via_mat3_inverse_regular: 39230 325 80 0 0
bench_sdp::alt_mul_vec_unfused_mul_vec: 20660 173 48 0 0
bench_sdp::alt_quadform_literal_quadform: 37940 329 72 0 0
bench_sdp::alt_quadform_two_stage_quadform: 32000 278 60 0 0
bench_sdp::from_rotated_diagonal: 35550 299 66 0 0
bench_sdp::from_rotated_diagonal_mat3: 16310 136 24 0 0
bench_sdp::from_sdp_matrix: 600 6 0 0 0
bench_sdp::from_sdp_matrix2: 300 3 0 0 0
bench_sdp::into_matrix: 900 9 0 0 0
bench_sdp::into_matrix2: 400 4 0 0 0
bench_sdp::inverse2_regular: 11230 87 20 0 0
bench_sdp::inverse2_singular: 11230 33 4 0 0
bench_sdp::inverse_and_get_determinant_unchecked2: 11430 89 20 0 0
bench_sdp::inverse_regular: 27650 226 56 0 0
bench_sdp::inverse_singular: 27650 52 4 0 0
bench_sdp::inverse_unchecked: 27650 226 56 0 0
bench_sdp::inverse_unchecked2: 11230 87 20 0 0
bench_sdp::is_zero2_false: 300 3 0 0 0
bench_sdp::is_zero_false: 300 3 0 0 0
bench_sdp::is_zero_true: 900 9 0 0 0
bench_sdp::mul_mat: 19520 170 36 0 0
bench_sdp::mul_scalar: 10880 92 24 0 0
bench_sdp::mul_scalar2: 5840 50 12 0 0
bench_sdp::mul_vec: 7040 62 12 0 0
bench_sdp::mul_vec2: 4560 40 8 0 0
bench_sdp::quadform: 21010 183 24 0 0
bench_sdp::quadform3x2: 12170 103 12 0 0
bench_sdp::sub: 5840 50 12 0 0
bench_sdp::sub2: 3320 29 6 0 0
bench_sdp::transform_vector: 7040 62 12 0 0
